[22:28:09] [main/INFO] (FabricLoader/GameProvider) Loading Minecraft 26.2 with Fabric Loader 0.19.3
[22:28:09] [main/INFO] (FabricLoader) Loading 5 mods:
	- fabricloader 0.19.3
	- farlands-vanilla-rig 1.0.0
	- java 25
	- minecraft 26.2
	- mixinextras 0.5.4
[22:28:10] [main/INFO] (FabricLoader/Mixin) SpongePowered MIXIN Subsystem Version=0.8.7 Source=file:/C:/Users/EASON/.gradle/caches/modules-2/files-2.1/net.fabricmc/sponge-mixin/0.17.3+mixin.0.8.7/41c4a3984a80f4679e759fb9f495587acc5cdac7/sponge-mixin-0.17.3+mixin.0.8.7.jar Service=Knot/Fabric Env=SERVER
[22:28:10] [main/INFO] (FabricLoader/Mixin) Loaded Fabric development mappings for mixin remapper!
[22:28:10] [main/INFO] (FabricLoader/Mixin) Compatibility level set to JAVA_21
[22:28:21] [main/INFO] (Minecraft) Environment: Environment[sessionHost=https://sessionserver.mojang.com, servicesHost=https://api.minecraftservices.com, profilesHost=https://api.mojang.com, name=PROD]
[22:28:21] [main/INFO] (FabricLoader/MixinExtras|Service) Initializing MixinExtras via com.llamalad7.mixinextras.service.MixinExtrasServiceImpl(version=0.5.4).
[22:28:23] [Worker-Main-1/INFO] (Minecraft) No existing world data, creating new world
[22:28:24] [main/INFO] (Minecraft) Loaded 1585 recipes
[22:28:24] [main/INFO] (Minecraft) Loaded 1688 advancements
[22:28:25] [Server thread/INFO] (Minecraft) Starting minecraft server version 26.2
[22:28:25] [Server thread/INFO] (Minecraft) Loading properties
[22:28:25] [Server thread/INFO] (Minecraft) Default game type: SURVIVAL
[22:28:25] [Server thread/INFO] (Minecraft) Generating keypair
[22:28:25] [Server thread/INFO] (Minecraft) Starting Minecraft server on *:25565
[22:28:25] [Server thread/WARN] (Minecraft) **** SERVER IS RUNNING IN OFFLINE/INSECURE MODE!
[22:28:25] [Server thread/WARN] (Minecraft) The server will make no attempt to authenticate usernames. Beware.
[22:28:25] [Server thread/WARN] (Minecraft) While this makes the game possible to play without internet access, it also opens up the ability for hackers to connect with any username they choose.
[22:28:25] [Server thread/WARN] (Minecraft) To change this, set "online-mode" to "true" in the server.properties file.
[22:28:25] [Server thread/INFO] (Minecraft) Preparing level "world"
[22:28:26] [Server thread/INFO] (Minecraft) Selecting global world spawn...
[22:28:36] [Server thread/INFO] (Minecraft) Loading 0 persistent chunks...
[22:28:36] [Server thread/INFO] (Minecraft) Preparing spawn area: 100%
[22:28:36] [Server thread/INFO] (Minecraft) Time elapsed: 9808 ms
[22:28:36] [Server thread/INFO] (Minecraft) Done (10.372s)! For help, type "help"
[22:28:36] [Server thread/INFO] (Minecraft) Starting remote control listener
[22:28:36] [Server thread/INFO] (Minecraft) Thread RCON Listener started
[22:28:36] [Server thread/INFO] (Minecraft) RCON running on 0.0.0.0:25575
[22:28:36] [Server thread/INFO] (Minecraft) Saving chunks for level 'ServerLevel[world]'/minecraft:overworld
[22:28:36] [Server thread/INFO] (Minecraft) Saving chunks for level 'ServerLevel[world]'/minecraft:the_end
[22:28:36] [Server thread/INFO] (Minecraft) Saving chunks for level 'ServerLevel[world]'/minecraft:the_nether
[22:28:36] [Server thread/INFO] (Minecraft) ThreadedAnvilChunkStorage (world): All chunks are saved
[22:28:36] [Server thread/INFO] (Minecraft) ThreadedAnvilChunkStorage (DIM1): All chunks are saved
[22:28:36] [Server thread/INFO] (Minecraft) ThreadedAnvilChunkStorage (DIM-1): All chunks are saved
[22:28:36] [Server thread/INFO] (Minecraft) ThreadedAnvilChunkStorage: All dimensions are saved
[22:28:51] [Server thread/INFO] (Minecraft) [STDOUT]: [FarLands-Test] random_tick_speed=0 (determinism)
[22:28:53] [Server thread/INFO] (Minecraft) [STDOUT]: [FarLands-Test] gen OK region (1812500,1812500)+1x1 topY=62 timeMs=1818
[22:28:53] [Server thread/INFO] (Minecraft) [STDOUT]: [FarLands-Test] settling 400 ticks before save
[22:29:11] [Server thread/INFO] (Minecraft) ThreadedAnvilChunkStorage (world): All chunks are saved
[22:29:11] [Server thread/INFO] (Minecraft) ThreadedAnvilChunkStorage (DIM1): All chunks are saved
[22:29:11] [Server thread/INFO] (Minecraft) ThreadedAnvilChunkStorage (DIM-1): All chunks are saved
[22:29:11] [Server thread/INFO] (Minecraft) ThreadedAnvilChunkStorage: All dimensions are saved
[22:29:11] [Server thread/INFO] (Minecraft) [STDOUT]: [FarLands-Test] DONE saved
[22:29:11] [Server thread/INFO] (Minecraft) Stopping server
[22:29:11] [Server thread/INFO] (Minecraft) Saving players
[22:29:11] [Server thread/INFO] (Minecraft) Saving worlds
[22:29:11] [Server thread/INFO] (Minecraft) Saving chunks for level 'ServerLevel[world]'/minecraft:overworld
[22:29:11] [Server thread/INFO] (Minecraft) Saving chunks for level 'ServerLevel[world]'/minecraft:the_end
[22:29:11] [Server thread/INFO] (Minecraft) Saving chunks for level 'ServerLevel[world]'/minecraft:the_nether
[22:29:11] [Server thread/INFO] (Minecraft) ThreadedAnvilChunkStorage (world): All chunks are saved
[22:29:11] [Server thread/INFO] (Minecraft) ThreadedAnvilChunkStorage (DIM1): All chunks are saved
[22:29:11] [Server thread/INFO] (Minecraft) ThreadedAnvilChunkStorage (DIM-1): All chunks are saved
[22:29:11] [Server thread/INFO] (Minecraft) ThreadedAnvilChunkStorage: All dimensions are saved
[22:29:11] [Server thread/INFO] (Minecraft) Thread RCON Listener stopped
