[15:15:02] [main/INFO] (FabricLoader/GameProvider) Loading Minecraft 26.2 with Fabric Loader 0.19.3
[15:15:02] [main/DEBUG] (FabricLoader/GamePatch) Found game constructor: net.minecraft.server.Main -> net/minecraft/server/Main
[15:15:02] [main/DEBUG] (FabricLoader/GamePatch) Patching game constructor main([Ljava/lang/String;)V
[15:15:02] [main/DEBUG] (FabricLoader/GamePatch) 20w22a+ detected, patching main method...
[15:15:02] [main/DEBUG] (FabricLoader/GamePatch) Detected version above 20w22a
[15:15:02] [main/DEBUG] (FabricLoader/GamePatch) Applying brand name hook to net/minecraft/client/ClientBrandRetriever::getClientModName
[15:15:02] [main/DEBUG] (FabricLoader/GamePatch) Applying brand name hook to net/minecraft/server/MinecraftServer::getServerModName
[15:15:02] [main/DEBUG] (FabricLoader/GamePatch) Patched 3 classs
[15:15:02] [main/DEBUG] (FabricLoader/Discovery) Mod discovery time: 23.9 ms
[15:15:02] [main/DEBUG] (FabricLoader/Resolution) Mod resolution time: 79.3 ms
[15:15:02] [main/INFO] (FabricLoader) Loading 5 mods:
	- fabricloader 0.19.3
	- farlands-g1 1.0-SNAPSHOT
	- java 25
	- minecraft 26.2
	- mixinextras 0.5.4
[15:15:02] [main/DEBUG] (FabricLoader/Knot) Adding C:\Users\EASON\.gradle\caches\modules-2\files-2.1\io.github.llamalad7\mixinextras-fabric\0.5.4\5e167154bcb9942111313a5e186e16cd7265f858\mixinextras-fabric-0.5.4.jar to classpath.
[15:15:02] [main/DEBUG] (FabricLoader/Knot) Adding C:\Project-G1\mod\build\resources\main to classpath.
[15:15:02] [main/DEBUG] (FabricLoader/Entrypoint) Registering new-style initializer com.farlands.g1.G1Mod for mod farlands-g1 (key main)
[15:15:02] [main/INFO] (FabricLoader/Mixin) SpongePowered MIXIN Subsystem Version=0.8.7 Source=file:/C:/Users/EASON/.gradle/caches/modules-2/files-2.1/net.fabricmc/sponge-mixin/0.17.3+mixin.0.8.7/41c4a3984a80f4679e759fb9f495587acc5cdac7/sponge-mixin-0.17.3+mixin.0.8.7.jar Service=Knot/Fabric Env=SERVER
[15:15:02] [main/DEBUG] (FabricLoader/Mixin) Initialising Mixin Platform Manager
[15:15:02] [main/DEBUG] (FabricLoader/Mixin) Adding mixin platform agents for container ContainerHandleURI(file:///C:/Users/EASON/.gradle/caches/modules-2/files-2.1/net.fabricmc/fabric-loader/0.19.3/354dfaa02d0552e11867f85dff7cdbfaf813ba3e/fabric-loader-0.19.3.jar)
[15:15:02] [main/DEBUG] (FabricLoader/Mixin) Instancing new MixinPlatformAgentDefault for ContainerHandleURI(file:///C:/Users/EASON/.gradle/caches/modules-2/files-2.1/net.fabricmc/fabric-loader/0.19.3/354dfaa02d0552e11867f85dff7cdbfaf813ba3e/fabric-loader-0.19.3.jar)
[15:15:02] [main/DEBUG] (FabricLoader/Mixin) MixinPlatformAgentDefault accepted container ContainerHandleURI(file:///C:/Users/EASON/.gradle/caches/modules-2/files-2.1/net.fabricmc/fabric-loader/0.19.3/354dfaa02d0552e11867f85dff7cdbfaf813ba3e/fabric-loader-0.19.3.jar)
[15:15:02] [main/DEBUG] (FabricLoader/Mixin) Instancing new MixinPlatformAgentDefault for ContainerHandleURI(file:///C:/Users/EASON/.gradle/caches/modules-2/files-2.1/net.fabricmc/fabric-loader/0.19.3/354dfaa02d0552e11867f85dff7cdbfaf813ba3e/fabric-loader-0.19.3.jar)
[15:15:02] [main/DEBUG] (FabricLoader/Mixin) MixinPlatformAgentDefault accepted container ContainerHandleURI(file:///C:/Users/EASON/.gradle/caches/modules-2/files-2.1/net.fabricmc/fabric-loader/0.19.3/354dfaa02d0552e11867f85dff7cdbfaf813ba3e/fabric-loader-0.19.3.jar)
[15:15:02] [main/DEBUG] (FabricLoader/Mixin) Processing prepare() for PlatformAgent[MixinPlatformAgentDefault:ContainerHandleURI(file:///C:/Users/EASON/.gradle/caches/modules-2/files-2.1/net.fabricmc/fabric-loader/0.19.3/354dfaa02d0552e11867f85dff7cdbfaf813ba3e/fabric-loader-0.19.3.jar)]
[15:15:02] [main/DEBUG] (FabricLoader/Mixin) Processing prepare() for PlatformAgent[MixinPlatformAgentDefault:ContainerHandleURI(file:///C:/Users/EASON/.gradle/caches/modules-2/files-2.1/net.fabricmc/fabric-loader/0.19.3/354dfaa02d0552e11867f85dff7cdbfaf813ba3e/fabric-loader-0.19.3.jar)]
[15:15:02] [main/INFO] (FabricLoader/Mixin) Loaded Fabric development mappings for mixin remapper!
[15:15:02] [main/DEBUG] (FabricLoader/Mixin) Compatibility level JAVA_21 specified by farlands-g1.mixins.json is higher than the maximum level supported by this version of mixin (JAVA_13).
[15:15:02] [main/INFO] (FabricLoader/Mixin) Compatibility level set to JAVA_21
[15:15:02] [main/DEBUG] (FabricLoader/Knot) Adding C:\Project-G1\.gradle\loom-cache\minecraftMaven\net\minecraft\minecraft-merged-ba756de5d6\26.2-loom.mappings.26_2.layered+hash.1817025908-v2\minecraft-merged-ba756de5d6-26.2-loom.mappings.26_2.layered+hash.1817025908-v2.jar to classpath.
[15:15:02] [main/DEBUG] (FabricLoader/Knot) Adding C:\Project-G1\mod\build\classes\java\main to classpath.
[15:15:02] [main/DEBUG] (FabricLoader/Knot) Adding C:\Project-G1\mod\build\resources\main to classpath.
[15:15:02] [main/DEBUG] (FabricLoader/Knot) Adding C:\Users\EASON\.gradle\caches\fabric-loom\26.2\loom.mappings.26_2.layered+hash.1817025908-v2\mappings.jar to classpath.
[15:15:02] [main/DEBUG] (FabricLoader/Knot) Adding C:\Users\EASON\.gradle\caches\modules-2\files-2.1\io.github.llamalad7\mixinextras-fabric\0.5.4\5e167154bcb9942111313a5e186e16cd7265f858\mixinextras-fabric-0.5.4.jar to classpath.
[15:15:02] [main/DEBUG] (FabricLoader/Knot) Adding C:\Users\EASON\.gradle\caches\modules-2\files-2.1\net.fabricmc\dev-launch-injector\0.2.1+build.8\da8bef7e6e2f952da707f282bdb46882a0fce5e3\dev-launch-injector-0.2.1+build.8.jar to classpath.
[15:15:02] [main/DEBUG] (FabricLoader/Knot) Adding C:\Users\EASON\.gradle\caches\modules-2\files-2.1\at.yawk.lz4\lz4-java\1.10.1\f541d7f910fe3d76f38f799c507c48cc81b12ecb\lz4-java-1.10.1.jar to classpath.
[15:15:02] [main/DEBUG] (FabricLoader/Knot) Adding C:\Users\EASON\.gradle\caches\modules-2\files-2.1\com.azure\azure-json\1.4.0\fcc1d354dbc3e0300e5276b1bf124d0247799cd8\azure-json-1.4.0.jar to classpath.
[15:15:02] [main/DEBUG] (FabricLoader/Knot) Adding C:\Users\EASON\.gradle\caches\modules-2\files-2.1\com.github.oshi\oshi-core\6.9.0\3224870731860cfcd7744581a05b559e94291e7\oshi-core-6.9.0.jar to classpath.
[15:15:02] [main/DEBUG] (FabricLoader/Knot) Adding C:\Users\EASON\.gradle\caches\modules-2\files-2.1\com.google.guava\failureaccess\1.0.3\aeaffd00d57023a2c947393ed251f0354f0985fc\failureaccess-1.0.3.jar to classpath.
[15:15:02] [main/DEBUG] (FabricLoader/Knot) Adding C:\Users\EASON\.gradle\caches\modules-2\files-2.1\com.google.guava\guava\33.6.0-jre\c376b13067cc99a5774403530953f7b05a91e218\guava-33.6.0-jre.jar to classpath.
[15:15:02] [main/DEBUG] (FabricLoader/Knot) Adding C:\Users\EASON\.gradle\caches\modules-2\files-2.1\com.microsoft.azure\msal4j\1.24.1\c233f2d047b9755f7041adf21a858c680e4c9242\msal4j-1.24.1.jar to classpath.
[15:15:02] [main/DEBUG] (FabricLoader/Knot) Adding C:\Users\EASON\.gradle\caches\modules-2\files-2.1\com.mojang\brigadier\1.3.10\d15b53a14cf20fdcaa98f731af5dda654452c010\brigadier-1.3.10.jar to classpath.
[15:15:02] [main/DEBUG] (FabricLoader/Knot) Adding C:\Users\EASON\.gradle\caches\modules-2\files-2.1\com.mojang\datafixerupper\10.0.21\b6b2ae770c02e0c1eb90f9985b151e9085a38d0b\datafixerupper-10.0.21.jar to classpath.
[15:15:02] [main/DEBUG] (FabricLoader/Knot) Adding C:\Users\EASON\.gradle\caches\modules-2\files-2.1\com.mojang\jtracy\1.0.37\a3fb649b2e2b2288d2978f0b0bc3d83f62809d1e\jtracy-1.0.37.jar to classpath.
[15:15:02] [main/DEBUG] (FabricLoader/Knot) Adding C:\Users\EASON\.gradle\caches\modules-2\files-2.1\com.mojang\jtracy\1.0.37\6ff6d710fd4ffd470f2799653fab57e27fed0c9d\jtracy-1.0.37-natives-windows.jar to classpath.
[15:15:02] [main/DEBUG] (FabricLoader/Knot) Adding C:\Users\EASON\.gradle\caches\modules-2\files-2.1\commons-io\commons-io\2.20.0\36f3474daec2849c149e877614e7f979b2082cd2\commons-io-2.20.0.jar to classpath.
[15:15:02] [main/DEBUG] (FabricLoader/Knot) Adding C:\Users\EASON\.gradle\caches\modules-2\files-2.1\io.netty\netty-buffer\4.2.15.Final\2beb620803bf871cda2dd5d46b8f831e8015dd34\netty-buffer-4.2.15.Final.jar to classpath.
[15:15:02] [main/DEBUG] (FabricLoader/Knot) Adding C:\Users\EASON\.gradle\caches\modules-2\files-2.1\io.netty\netty-codec-base\4.2.15.Final\e97149fdd5fb04858efa90e314651c8d700dc68b\netty-codec-base-4.2.15.Final.jar to classpath.
[15:15:02] [main/DEBUG] (FabricLoader/Knot) Adding C:\Users\EASON\.gradle\caches\modules-2\files-2.1\io.netty\netty-codec-compression\4.2.15.Final\89fc4a20b7ae6af974304b1695405e62c4f9b16d\netty-codec-compression-4.2.15.Final.jar to classpath.
[15:15:02] [main/DEBUG] (FabricLoader/Knot) Adding C:\Users\EASON\.gradle\caches\modules-2\files-2.1\io.netty\netty-codec-http\4.2.15.Final\e611826aa054371bb9a17f27bdb05755a4cac5f0\netty-codec-http-4.2.15.Final.jar to classpath.
[15:15:02] [main/DEBUG] (FabricLoader/Knot) Adding C:\Users\EASON\.gradle\caches\modules-2\files-2.1\io.netty\netty-common\4.2.15.Final\7222492c1af9c2d4d78d521eea340a619e242fda\netty-common-4.2.15.Final.jar to classpath.
[15:15:02] [main/DEBUG] (FabricLoader/Knot) Adding C:\Users\EASON\.gradle\caches\modules-2\files-2.1\io.netty\netty-handler\4.2.15.Final\d5344afd1148e3b9927a74be019605ebb0937a93\netty-handler-4.2.15.Final.jar to classpath.
[15:15:02] [main/DEBUG] (FabricLoader/Knot) Adding C:\Users\EASON\.gradle\caches\modules-2\files-2.1\io.netty\netty-resolver\4.2.15.Final\b961a16d379b508b473e064ba06842bba280f4e3\netty-resolver-4.2.15.Final.jar to classpath.
[15:15:02] [main/DEBUG] (FabricLoader/Knot) Adding C:\Users\EASON\.gradle\caches\modules-2\files-2.1\io.netty\netty-transport-classes-epoll\4.2.15.Final\44bafba9c9993800e955b365bba4981326f3f3b1\netty-transport-classes-epoll-4.2.15.Final.jar to classpath.
[15:15:02] [main/DEBUG] (FabricLoader/Knot) Adding C:\Users\EASON\.gradle\caches\modules-2\files-2.1\io.netty\netty-transport-classes-kqueue\4.2.15.Final\f248656bb907607c5a41c7b61fd918a97db79250\netty-transport-classes-kqueue-4.2.15.Final.jar to classpath.
[15:15:02] [main/DEBUG] (FabricLoader/Knot) Adding C:\Users\EASON\.gradle\caches\modules-2\files-2.1\io.netty\netty-transport-native-unix-common\4.2.15.Final\efb6943b4de9e0226a5ac35330f232605424af02\netty-transport-native-unix-common-4.2.15.Final.jar to classpath.
[15:15:02] [main/DEBUG] (FabricLoader/Knot) Adding C:\Users\EASON\.gradle\caches\modules-2\files-2.1\io.netty\netty-transport\4.2.15.Final\a000c3a6196ee40207b73ac619dcb339409dd62f\netty-transport-4.2.15.Final.jar to classpath.
[15:15:02] [main/DEBUG] (FabricLoader/Knot) Adding C:\Users\EASON\.gradle\caches\modules-2\files-2.1\it.unimi.dsi\fastutil\8.5.18\a6cff377eecc19c2037bf31568a6d7106b50ba1f\fastutil-8.5.18.jar to classpath.
[15:15:02] [main/DEBUG] (FabricLoader/Knot) Adding C:\Users\EASON\.gradle\caches\modules-2\files-2.1\net.java.dev.jna\jna-platform\5.17.0\a4934c44d25a9d8c2ddf4203affd20330cb3426f\jna-platform-5.17.0.jar to classpath.
[15:15:02] [main/DEBUG] (FabricLoader/Knot) Adding C:\Users\EASON\.gradle\caches\modules-2\files-2.1\net.java.dev.jna\jna\5.17.0\33d12735bef894440780fce64f9758d420c7bae2\jna-5.17.0.jar to classpath.
[15:15:02] [main/DEBUG] (FabricLoader/Knot) Adding C:\Users\EASON\.gradle\caches\modules-2\files-2.1\net.sf.jopt-simple\jopt-simple\5.0.4\4fdac2fbe92dfad86aa6e9301736f6b4342a3f5c\jopt-simple-5.0.4.jar to classpath.
[15:15:02] [main/DEBUG] (FabricLoader/Knot) Adding C:\Users\EASON\.gradle\caches\modules-2\files-2.1\org.apache.commons\commons-lang3\3.20.0\65897b3e5731220962e659e001904af3c3cbeba9\commons-lang3-3.20.0.jar to classpath.
[15:15:02] [main/DEBUG] (FabricLoader/Knot) Adding C:\Users\EASON\.gradle\caches\modules-2\files-2.1\org.joml\joml\1.10.8\fc0a71dad90a2cf41d82a76156a0e700af8e4f8d\joml-1.10.8.jar to classpath.
[15:15:02] [main/DEBUG] (FabricLoader/Knot) Adding C:\Users\EASON\.gradle\caches\modules-2\files-2.1\org.jspecify\jspecify\1.0.0\7425a601c1c7ec76645a78d22b8c6a627edee507\jspecify-1.0.0.jar to classpath.
[15:15:02] [main/DEBUG] (FabricLoader/Knot) Adding C:\Users\EASON\.gradle\caches\modules-2\files-2.1\org.lwjgl\lwjgl-freetype\3.4.1\32fc9cfd236aca5433d53af78bfb15f1b4c1103e\lwjgl-freetype-3.4.1-natives-windows.jar to classpath.
[15:15:02] [main/DEBUG] (FabricLoader/Knot) Adding C:\Users\EASON\.gradle\caches\modules-2\files-2.1\org.lwjgl\lwjgl-freetype\3.4.1\a677b4a7bba84f925b4cc4f52a58c5248974bdeb\lwjgl-freetype-3.4.1-natives-windows-arm64.jar to classpath.
[15:15:02] [main/DEBUG] (FabricLoader/Knot) Adding C:\Users\EASON\.gradle\caches\modules-2\files-2.1\org.lwjgl\lwjgl-freetype\3.4.1\81431d868bcf162d4c915b9c39b2c7aae155ad4f\lwjgl-freetype-3.4.1-natives-windows-x86.jar to classpath.
[15:15:02] [main/DEBUG] (FabricLoader/Knot) Adding C:\Users\EASON\.gradle\caches\modules-2\files-2.1\org.lwjgl\lwjgl-glfw\3.4.1\2eb4aa895ea190ba8cf4356f8cea24d3ebb40ea1\lwjgl-glfw-3.4.1-natives-windows.jar to classpath.
[15:15:02] [main/DEBUG] (FabricLoader/Knot) Adding C:\Users\EASON\.gradle\caches\modules-2\files-2.1\org.lwjgl\lwjgl-glfw\3.4.1\196101d96d9b2aa73264a96ae1dc8944a1446cee\lwjgl-glfw-3.4.1-natives-windows-arm64.jar to classpath.
[15:15:02] [main/DEBUG] (FabricLoader/Knot) Adding C:\Users\EASON\.gradle\caches\modules-2\files-2.1\org.lwjgl\lwjgl-glfw\3.4.1\a48bbdd544f00c88f8906e9d09e3f31bc1c17fac\lwjgl-glfw-3.4.1-natives-windows-x86.jar to classpath.
[15:15:02] [main/DEBUG] (FabricLoader/Knot) Adding C:\Users\EASON\.gradle\caches\modules-2\files-2.1\org.lwjgl\lwjgl-jemalloc\3.4.1\70db8048d1aca8a6365f46f9963b8d6cd77b9e94\lwjgl-jemalloc-3.4.1-natives-windows.jar to classpath.
[15:15:02] [main/DEBUG] (FabricLoader/Knot) Adding C:\Users\EASON\.gradle\caches\modules-2\files-2.1\org.lwjgl\lwjgl-jemalloc\3.4.1\662e0926dd990f679e1cfb31d710d22d175bdabc\lwjgl-jemalloc-3.4.1-natives-windows-arm64.jar to classpath.
[15:15:02] [main/DEBUG] (FabricLoader/Knot) Adding C:\Users\EASON\.gradle\caches\modules-2\files-2.1\org.lwjgl\lwjgl-jemalloc\3.4.1\d8cf69e1155df83260f9bbe01944fe91f8ca3955\lwjgl-jemalloc-3.4.1-natives-windows-x86.jar to classpath.
[15:15:02] [main/DEBUG] (FabricLoader/Knot) Adding C:\Users\EASON\.gradle\caches\modules-2\files-2.1\org.lwjgl\lwjgl-openal\3.4.1\8e83fdfdf65c80c9877c6fb6cb645d239ed7638\lwjgl-openal-3.4.1-natives-windows.jar to classpath.
[15:15:02] [main/DEBUG] (FabricLoader/Knot) Adding C:\Users\EASON\.gradle\caches\modules-2\files-2.1\org.lwjgl\lwjgl-openal\3.4.1\4b996cc3321a807ee34e7ce53aba7fe529dc485a\lwjgl-openal-3.4.1-natives-windows-arm64.jar to classpath.
[15:15:02] [main/DEBUG] (FabricLoader/Knot) Adding C:\Users\EASON\.gradle\caches\modules-2\files-2.1\org.lwjgl\lwjgl-openal\3.4.1\9e4bab87e9b89876fa77ea3c19e1b45334b97c10\lwjgl-openal-3.4.1-natives-windows-x86.jar to classpath.
[15:15:02] [main/DEBUG] (FabricLoader/Knot) Adding C:\Users\EASON\.gradle\caches\modules-2\files-2.1\org.lwjgl\lwjgl-opengl\3.4.1\617f37ef4e2ffb727bd5e74333e8073ef43ca1ec\lwjgl-opengl-3.4.1-natives-windows.jar to classpath.
[15:15:02] [main/DEBUG] (FabricLoader/Knot) Adding C:\Users\EASON\.gradle\caches\modules-2\files-2.1\org.lwjgl\lwjgl-opengl\3.4.1\4b6a9c5d7d5325312b740d9886087b7292b43bf9\lwjgl-opengl-3.4.1-natives-windows-arm64.jar to classpath.
[15:15:02] [main/DEBUG] (FabricLoader/Knot) Adding C:\Users\EASON\.gradle\caches\modules-2\files-2.1\org.lwjgl\lwjgl-opengl\3.4.1\cfd47352b758a0c9f7046de467b103182ec77eb1\lwjgl-opengl-3.4.1-natives-windows-x86.jar to classpath.
[15:15:02] [main/DEBUG] (FabricLoader/Knot) Adding C:\Users\EASON\.gradle\caches\modules-2\files-2.1\org.lwjgl\lwjgl-shaderc\3.4.1\daacbaeb2c1dfd00db83f4b7cc2c76901eb297bd\lwjgl-shaderc-3.4.1-natives-windows.jar to classpath.
[15:15:02] [main/DEBUG] (FabricLoader/Knot) Adding C:\Users\EASON\.gradle\caches\modules-2\files-2.1\org.lwjgl\lwjgl-shaderc\3.4.1\50884f728fdd7cff33731403fdc53b724ff09c85\lwjgl-shaderc-3.4.1-natives-windows-arm64.jar to classpath.
[15:15:02] [main/DEBUG] (FabricLoader/Knot) Adding C:\Users\EASON\.gradle\caches\modules-2\files-2.1\org.lwjgl\lwjgl-shaderc\3.4.1\cd3ab907c096e27a9024917dcab4379e90c7799d\lwjgl-shaderc-3.4.1-natives-windows-x86.jar to classpath.
[15:15:02] [main/DEBUG] (FabricLoader/Knot) Adding C:\Users\EASON\.gradle\caches\modules-2\files-2.1\org.lwjgl\lwjgl-spvc\3.4.1\b7f14df71a9657103324101f61df09dcfb28cf28\lwjgl-spvc-3.4.1-natives-windows.jar to classpath.
[15:15:02] [main/DEBUG] (FabricLoader/Knot) Adding C:\Users\EASON\.gradle\caches\modules-2\files-2.1\org.lwjgl\lwjgl-spvc\3.4.1\a60a8d48822ec9449a5de9b6c50e5ed6ae7e8e9f\lwjgl-spvc-3.4.1-natives-windows-arm64.jar to classpath.
[15:15:02] [main/DEBUG] (FabricLoader/Knot) Adding C:\Users\EASON\.gradle\caches\modules-2\files-2.1\org.lwjgl\lwjgl-spvc\3.4.1\cea4bc145dce25e8a436575f9034a7bd142b0528\lwjgl-spvc-3.4.1-natives-windows-x86.jar to classpath.
[15:15:02] [main/DEBUG] (FabricLoader/Knot) Adding C:\Users\EASON\.gradle\caches\modules-2\files-2.1\org.lwjgl\lwjgl-stb\3.4.1\b4e13ece83c228ecf57354639d8555076a989d74\lwjgl-stb-3.4.1-natives-windows.jar to classpath.
[15:15:02] [main/DEBUG] (FabricLoader/Knot) Adding C:\Users\EASON\.gradle\caches\modules-2\files-2.1\org.lwjgl\lwjgl-stb\3.4.1\7f4c39b3d56c7bae4900ee6e59d8f75432bdb18f\lwjgl-stb-3.4.1-natives-windows-arm64.jar to classpath.
[15:15:02] [main/DEBUG] (FabricLoader/Knot) Adding C:\Users\EASON\.gradle\caches\modules-2\files-2.1\org.lwjgl\lwjgl-stb\3.4.1\e091cd3b25ab7db88f0e34a0d2797dc396a528fa\lwjgl-stb-3.4.1-natives-windows-x86.jar to classpath.
[15:15:02] [main/DEBUG] (FabricLoader/Knot) Adding C:\Users\EASON\.gradle\caches\modules-2\files-2.1\org.lwjgl\lwjgl-tinyfd\3.4.1\bdd8c03151cc94460247986f843d134ae8f9406a\lwjgl-tinyfd-3.4.1-natives-windows.jar to classpath.
[15:15:02] [main/DEBUG] (FabricLoader/Knot) Adding C:\Users\EASON\.gradle\caches\modules-2\files-2.1\org.lwjgl\lwjgl-tinyfd\3.4.1\9c93b8211856bfe682f3225ccac811e74243f98e\lwjgl-tinyfd-3.4.1-natives-windows-arm64.jar to classpath.
[15:15:02] [main/DEBUG] (FabricLoader/Knot) Adding C:\Users\EASON\.gradle\caches\modules-2\files-2.1\org.lwjgl\lwjgl-tinyfd\3.4.1\f585da74a17695ba38351697712c03784ee1348b\lwjgl-tinyfd-3.4.1-natives-windows-x86.jar to classpath.
[15:15:02] [main/DEBUG] (FabricLoader/Knot) Adding C:\Users\EASON\.gradle\caches\modules-2\files-2.1\org.lwjgl\lwjgl-vma\3.4.1\4f08490dbd8f9e08385c9f2040ff1f40c2a762d2\lwjgl-vma-3.4.1-natives-windows.jar to classpath.
[15:15:02] [main/DEBUG] (FabricLoader/Knot) Adding C:\Users\EASON\.gradle\caches\modules-2\files-2.1\org.lwjgl\lwjgl-vma\3.4.1\bfbf1a41c54641f396ba42541075f5db517c7ad9\lwjgl-vma-3.4.1-natives-windows-arm64.jar to classpath.
[15:15:02] [main/DEBUG] (FabricLoader/Knot) Adding C:\Users\EASON\.gradle\caches\modules-2\files-2.1\org.lwjgl\lwjgl-vma\3.4.1\c6abacce75eeb8e23bd88ad89faf233be6e053c3\lwjgl-vma-3.4.1-natives-windows-x86.jar to classpath.
[15:15:02] [main/DEBUG] (FabricLoader/Knot) Adding C:\Users\EASON\.gradle\caches\modules-2\files-2.1\org.lwjgl\lwjgl\3.4.1\96a217f0428ab73487f114a54179a4f41e851a04\lwjgl-3.4.1-natives-windows.jar to classpath.
[15:15:02] [main/DEBUG] (FabricLoader/Knot) Adding C:\Users\EASON\.gradle\caches\modules-2\files-2.1\org.lwjgl\lwjgl\3.4.1\d1d3a7052da47ccde2a5fdf3a1bd45d801c3157c\lwjgl-3.4.1-natives-windows-arm64.jar to classpath.
[15:15:02] [main/DEBUG] (FabricLoader/Knot) Adding C:\Users\EASON\.gradle\caches\modules-2\files-2.1\org.lwjgl\lwjgl\3.4.1\65de43bd52507e108a58247c0da57a50ce3ee6f6\lwjgl-3.4.1-natives-windows-x86.jar to classpath.
[15:15:02] [main/DEBUG] (FabricLoader/Knot) Adding C:\Users\EASON\.gradle\caches\modules-2\files-2.1\io.netty\netty-transport-native-epoll\4.2.15.Final\ce256127f8ed3f076756f1f4dcb5877d65d1f1c2\netty-transport-native-epoll-4.2.15.Final-linux-x86_64.jar to classpath.
[15:15:02] [main/DEBUG] (FabricLoader/Knot) Adding C:\Users\EASON\.gradle\caches\modules-2\files-2.1\io.netty\netty-transport-native-epoll\4.2.15.Final\cccd31f2c8e966ab1e7a4d2293c8a3965628fe73\netty-transport-native-epoll-4.2.15.Final-linux-aarch_64.jar to classpath.
[15:15:02] [main/DEBUG] (FabricLoader/Knot) Adding C:\Users\EASON\.gradle\caches\modules-2\files-2.1\io.netty\netty-transport-native-kqueue\4.2.15.Final\4245380831515fb4eca18d32477a27fbb8f7b8f4\netty-transport-native-kqueue-4.2.15.Final-osx-x86_64.jar to classpath.
[15:15:02] [main/DEBUG] (FabricLoader/Knot) Adding C:\Users\EASON\.gradle\caches\modules-2\files-2.1\io.netty\netty-transport-native-kqueue\4.2.15.Final\8ea0ef3eb716d821332e4b4926825a4b7c1a6d38\netty-transport-native-kqueue-4.2.15.Final-osx-aarch_64.jar to classpath.
[15:15:02] [main/DEBUG] (FabricLoader/Entrypoint) No subscribers for entrypoint 'preLaunch'
[15:15:02] [main/DEBUG] (FabricLoader/Mixin) Preparing mixins for MixinEnvironment[DEFAULT]
[15:15:02] [main/DEBUG] (FabricLoader/Mixin) Selecting config mixinextras.init.mixins.json
[15:15:02] [main/DEBUG] (FabricLoader/MixinExtras|Service) com.llamalad7.mixinextras.service.MixinExtrasServiceImpl(version=0.5.4) is taking over from null
[15:15:02] [main/DEBUG] (FabricLoader/Mixin) Registering new injector for @Inject with org.spongepowered.asm.mixin.injection.struct.CallbackInjectionInfo
[15:15:02] [main/DEBUG] (FabricLoader/Mixin) Registering new injector for @ModifyArg with org.spongepowered.asm.mixin.injection.struct.ModifyArgInjectionInfo
[15:15:02] [main/DEBUG] (FabricLoader/Mixin) Registering new injector for @ModifyArgs with org.spongepowered.asm.mixin.injection.struct.ModifyArgsInjectionInfo
[15:15:02] [main/DEBUG] (FabricLoader/Mixin) Registering new injector for @Redirect with org.spongepowered.asm.mixin.injection.struct.RedirectInjectionInfo
[15:15:02] [main/DEBUG] (FabricLoader/Mixin) Registering new injector for @ModifyVariable with org.spongepowered.asm.mixin.injection.struct.ModifyVariableInjectionInfo
[15:15:02] [main/DEBUG] (FabricLoader/Mixin) Registering new injector for @ModifyConstant with org.spongepowered.asm.mixin.injection.struct.ModifyConstantInjectionInfo
[15:15:02] [main/DEBUG] (FabricLoader/Mixin) Selecting config farlands-g1.mixins.json
[15:15:02] [main/DEBUG] (FabricLoader/Mixin) Preparing mixinextras.init.mixins.json (0)
[15:15:02] [main/DEBUG] (FabricLoader/Mixin) Preparing farlands-g1.mixins.json (48)
[15:15:02] [main/WARN] (FabricLoader/Mixin) Error loading class: com/mojang/blaze3d/vertex/BufferBuilder (java.lang.RuntimeException: Cannot load class com.mojang.blaze3d.vertex.BufferBuilder in environment type SERVER)
[15:15:02] [main/WARN] (FabricLoader/Mixin) @Mixin target com.mojang.blaze3d.vertex.BufferBuilder was not found farlands-g1.mixins.json:BufferBuilderGrowMixin from mod farlands-g1
[15:15:02] [main/DEBUG] (FabricLoader/Mixin) Inner class com/farlands/g1/mixin/NoiseChunkMixin$1 in com/farlands/g1/mixin/NoiseChunkMixin on net/minecraft/world/level/levelgen/NoiseChunk gets unique name net/minecraft/world/level/levelgen/NoiseChunk$Anonymous$a0d6a63e8e1739768ac070ca057f65c8
[15:15:02] [main/DEBUG] (FabricLoader/Mixin) Inner class com/farlands/g1/mixin/NoiseChunkMixin$2 in com/farlands/g1/mixin/NoiseChunkMixin on net/minecraft/world/level/levelgen/NoiseChunk gets unique name net/minecraft/world/level/levelgen/NoiseChunk$Anonymous$fdeb429245cf3329bf1c0fe0a88b8966
[15:15:02] [main/DEBUG] (FabricLoader/Mixin) Prepared 36 mixins in 0.294 sec (8.2ms avg) (0ms load, 0ms transform, 0ms plugin)
[15:15:02] [main/DEBUG] (io.netty.util.internal.logging.InternalLoggerFactory) Using SLF4J as the default logging framework
[15:15:02] [main/DEBUG] (io.netty.util.ResourceLeakDetector) -Dio.netty.leakDetection.level: simple
[15:15:02] [main/DEBUG] (io.netty.util.ResourceLeakDetector) -Dio.netty.leakDetection.targetRecords: 4
[15:15:03] [main/INFO] (FabricLoader/MixinExtras|Service) Initializing MixinExtras via com.llamalad7.mixinextras.service.MixinExtrasServiceImpl(version=0.5.4).
[15:15:03] [main/DEBUG] (FabricLoader/Mixin) Registering new injector for @SugarWrapper with com.llamalad7.mixinextras.sugar.impl.SugarWrapperInjectionInfo
[15:15:03] [main/DEBUG] (FabricLoader/Mixin) Registering new injector for @FactoryRedirectWrapper with com.llamalad7.mixinextras.wrapper.factory.FactoryRedirectWrapperInjectionInfo
[15:15:03] [main/DEBUG] (FabricLoader/Mixin) Registering new injector for @ExpressionInjectorWrapper with com.llamalad7.mixinextras.expression.impl.wrapper.ExpressionInjectorWrapperInjectionInfo
[15:15:03] [main/DEBUG] (FabricLoader/Mixin) Mixing MthFloorMixin from farlands-g1.mixins.json into net.minecraft.util.Mth
[15:15:05] [main/DEBUG] (oshi.software.os.windows.WindowsOperatingSystem) Debug privileges not enabled.
[15:15:06] [main/DEBUG] (FabricLoader/Mixin) Mixing BlockPosMixin from farlands-g1.mixins.json into net.minecraft.core.BlockPos
[15:15:06] [main/DEBUG] (FabricLoader/Mixin) farlands-g1.mixins.json:BlockPosMixin from mod farlands-g1->@Inject::farlands$getX(JLorg/spongepowered/asm/mixin/injection/callback/CallbackInfoReturnable;)V does use it's CallbackInfoReturnable
[15:15:06] [main/DEBUG] (FabricLoader/Mixin) farlands-g1.mixins.json:BlockPosMixin from mod farlands-g1->@Inject::farlands$getY(JLorg/spongepowered/asm/mixin/injection/callback/CallbackInfoReturnable;)V does use it's CallbackInfoReturnable
[15:15:06] [main/DEBUG] (FabricLoader/Mixin) farlands-g1.mixins.json:BlockPosMixin from mod farlands-g1->@Inject::farlands$getZ(JLorg/spongepowered/asm/mixin/injection/callback/CallbackInfoReturnable;)V does use it's CallbackInfoReturnable
[15:15:06] [main/DEBUG] (FabricLoader/Mixin) farlands-g1.mixins.json:BlockPosMixin from mod farlands-g1->@Inject::farlands$clampContaining(DDDLorg/spongepowered/asm/mixin/injection/callback/CallbackInfoReturnable;)V does use it's CallbackInfoReturnable
[15:15:06] [main/DEBUG] (FabricLoader/Mixin) Mixing EntityMixin from farlands-g1.mixins.json into net.minecraft.world.entity.Entity
[15:15:06] [main/DEBUG] (FabricLoader/Mixin) Mixing PlayerMixin from farlands-g1.mixins.json into net.minecraft.world.entity.player.Player
[15:15:06] [main/DEBUG] (FabricLoader/Mixin) Mixing LevelMixin from farlands-g1.mixins.json into net.minecraft.world.level.Level
[15:15:06] [main/DEBUG] (FabricLoader/Mixin) Mixing LevelSetBlockMixin from farlands-g1.mixins.json into net.minecraft.world.level.Level
[15:15:06] [main/DEBUG] (FabricLoader/Mixin) Mixing ClientLevelMixin from farlands-g1.mixins.json into net.minecraft.world.level.Level
[15:15:06] [main/DEBUG] (FabricLoader/Mixin) farlands-g1.mixins.json:LevelSetBlockMixin from mod farlands-g1->@Inject::farlands$fixSetBlock(Lnet/minecraft/core/BlockPos;Lnet/minecraft/world/level/block/state/BlockState;IILorg/spongepowered/asm/mixin/injection/callback/CallbackInfoReturnable;)V does use it's CallbackInfoReturnable
[15:15:06] [main/DEBUG] (FabricLoader/Mixin) farlands-g1.mixins.json:ClientLevelMixin from mod farlands-g1->@Inject::farlands$fixGetBlockState(Lnet/minecraft/core/BlockPos;Lorg/spongepowered/asm/mixin/injection/callback/CallbackInfoReturnable;)V does use it's CallbackInfoReturnable
[15:15:06] [main/DEBUG] (FabricLoader/Mixin) farlands-g1.mixins.json:ClientLevelMixin from mod farlands-g1->@Inject::farlands$fixGetChunk2(IILorg/spongepowered/asm/mixin/injection/callback/CallbackInfoReturnable;)V does use it's CallbackInfoReturnable
[15:15:06] [main/DEBUG] (FabricLoader/Mixin) farlands-g1.mixins.json:ClientLevelMixin from mod farlands-g1->@Inject::farlands$fixGetChunkCA(IILorg/spongepowered/asm/mixin/injection/callback/CallbackInfoReturnable;)V does use it's CallbackInfoReturnable
[15:15:06] [main/DEBUG] (FabricLoader/Mixin) farlands-g1.mixins.json:ClientLevelMixin from mod farlands-g1->@Inject::farlands$fixGetChunk4(IILnet/minecraft/world/level/chunk/status/ChunkStatus;ZLorg/spongepowered/asm/mixin/injection/callback/CallbackInfoReturnable;)V does use it's CallbackInfoReturnable
[15:15:06] [main/DEBUG] (FabricLoader/Mixin) Mixing ServerLevelSendMixin from farlands-g1.mixins.json into net.minecraft.server.level.ServerLevel
[15:15:06] [main/DEBUG] (FabricLoader/Mixin) Mixing ServerTickMixin from farlands-g1.mixins.json into net.minecraft.server.level.ServerLevel
[15:15:06] [main/DEBUG] (FabricLoader/Mixin) farlands-g1.mixins.json:ServerLevelSendMixin from mod farlands-g1->@Inject::farlands$fixSendBlockUpdated(Lnet/minecraft/core/BlockPos;Lnet/minecraft/world/level/block/state/BlockState;Lnet/minecraft/world/level/block/state/BlockState;ILorg/spongepowered/asm/mixin/injection/callback/CallbackInfo;)V does use it's CallbackInfo
[15:15:06] [main/DEBUG] (FabricLoader/Mixin) farlands-g1.mixins.json:ServerTickMixin from mod farlands-g1->@Inject::farlands$forceTick(JLorg/spongepowered/asm/mixin/injection/callback/CallbackInfoReturnable;)V does use it's CallbackInfoReturnable
[15:15:06] [main/DEBUG] (FabricLoader/Mixin) Mixing Vec3RealCoordsMixin from farlands-g1.mixins.json into net.minecraft.world.phys.Vec3
[15:15:08] [main/DEBUG] (FabricLoader/Mixin) Mixing ServerPlayerMixin from farlands-g1.mixins.json into net.minecraft.server.level.ServerPlayer
[15:15:08] [main/DEBUG] (FabricLoader/Mixin) Mixing ServerPlayerEpochMixin from farlands-g1.mixins.json into net.minecraft.server.level.ServerPlayer
[15:15:08] [main/DEBUG] (FabricLoader/Mixin) Mixing ServerPlayerInteractMixin from farlands-g1.mixins.json into net.minecraft.server.level.ServerPlayer
[15:15:08] [main/DEBUG] (FabricLoader/Mixin) farlands-g1.mixins.json:ServerPlayerEpochMixin from mod farlands-g1->@Inject::farlands$recenterEpoch(Lnet/minecraft/server/level/ServerLevel;DDDLjava/util/Set;FFZLorg/spongepowered/asm/mixin/injection/callback/CallbackInfoReturnable;)V doesn't use it's CallbackInfoReturnable
[15:15:08] [main/DEBUG] (FabricLoader/Mixin) farlands-g1.mixins.json:ServerPlayerEpochMixin from mod farlands-g1->@Inject::farlands$recenterEpoch(Lnet/minecraft/server/level/ServerLevel;DDDLjava/util/Set;FFZLorg/spongepowered/asm/mixin/injection/callback/CallbackInfoReturnable;)V has 0 override(s) in child classes
[15:15:08] [main/DEBUG] (FabricLoader/Mixin) farlands-g1.mixins.json:ServerPlayerEpochMixin from mod farlands-g1->@Inject::farlands$recenterEpoch(Lnet/minecraft/server/level/ServerLevel;DDDLjava/util/Set;FFZLorg/spongepowered/asm/mixin/injection/callback/CallbackInfoReturnable;)V won't be passed a CallbackInfoReturnable as a result
[15:15:08] [main/DEBUG] (FabricLoader/Mixin) farlands-g1.mixins.json:ServerPlayerInteractMixin from mod farlands-g1->@Inject::farlands$alwaysMayInteract(Lnet/minecraft/server/level/ServerLevel;Lnet/minecraft/core/BlockPos;Lorg/spongepowered/asm/mixin/injection/callback/CallbackInfoReturnable;)V does use it's CallbackInfoReturnable
[15:15:11] [main/DEBUG] (FabricLoader/Mixin) Mixing DimensionTypeMixin from farlands-g1.mixins.json into net.minecraft.world.level.dimension.DimensionType
[15:15:11] [main/DEBUG] (FabricLoader/Mixin) Mixing FunctionContextMixin from farlands-g1.mixins.json into net.minecraft.world.level.levelgen.DensityFunction$FunctionContext
[15:15:11] [main/DEBUG] (FabricLoader/Mixin) Mixing TreeFeatureMixin from farlands-g1.mixins.json into net.minecraft.world.level.levelgen.feature.TreeFeature
[15:15:11] [main/DEBUG] (FabricLoader/Mixin) Mixing ChunkPosMixin from farlands-g1.mixins.json into net.minecraft.world.level.ChunkPos
[15:15:11] [main/DEBUG] (FabricLoader/Mixin) Mixing SectionPosMixin from farlands-g1.mixins.json into net.minecraft.core.SectionPos
[15:15:11] [main/DEBUG] (FabricLoader/Mixin) farlands-g1.mixins.json:SectionPosMixin from mod farlands-g1->@Inject::farlands$x(JLorg/spongepowered/asm/mixin/injection/callback/CallbackInfoReturnable;)V does use it's CallbackInfoReturnable
[15:15:11] [main/DEBUG] (FabricLoader/Mixin) farlands-g1.mixins.json:SectionPosMixin from mod farlands-g1->@Inject::farlands$z(JLorg/spongepowered/asm/mixin/injection/callback/CallbackInfoReturnable;)V does use it's CallbackInfoReturnable
[15:15:12] [main/DEBUG] (FabricLoader/Mixin) Mixing MineshaftSkipMixin from farlands-g1.mixins.json into net.minecraft.world.level.levelgen.structure.structures.MineshaftStructure
[15:15:12] [main/DEBUG] (FabricLoader/Mixin) farlands-g1.mixins.json:MineshaftSkipMixin from mod farlands-g1->@Inject::farlands$skip(Lnet/minecraft/world/level/levelgen/structure/Structure$GenerationContext;Lorg/spongepowered/asm/mixin/injection/callback/CallbackInfoReturnable;)V does use it's CallbackInfoReturnable
[15:15:12] [main/DEBUG] (FabricLoader/Mixin) Mixing ChunkGeneratorMixin from farlands-g1.mixins.json into net.minecraft.world.level.chunk.ChunkGenerator
[15:15:12] [main/DEBUG] (FabricLoader/Entrypoint) Iterating over entrypoint 'main'
[15:15:12] [main/INFO] (net.minecraft.server.LoggedPrintStream) [STDOUT]: [FarLands-G1] v3.0 epoch build (E line)
[15:15:12] [main/DEBUG] (FabricLoader/Entrypoint) No subscribers for entrypoint 'server'
[15:15:12] [main/INFO] (com.mojang.authlib.yggdrasil.YggdrasilAuthenticationService) Environment: Environment[sessionHost=https://sessionserver.mojang.com, servicesHost=https://api.minecraftservices.com, profilesHost=https://api.mojang.com, name=PROD]
[15:15:12] [Yggdrasil Key Fetcher/DEBUG] (com.mojang.authlib.minecraft.client.MinecraftClient) Connecting to https://api.minecraftservices.com/publickeys
[15:15:13] [main/DEBUG] (FabricLoader/Mixin) Mixing MinecraftServerMixin from farlands-g1.mixins.json into net.minecraft.server.MinecraftServer
[15:15:13] [main/DEBUG] (FabricLoader/Mixin) Mixing MinecraftServerTestGenMixin from farlands-g1.mixins.json into net.minecraft.server.MinecraftServer
[15:15:13] [main/DEBUG] (FabricLoader/Mixin) farlands-g1.mixins.json:MinecraftServerTestGenMixin from mod farlands-g1->@Inject::farlands$testgen(Ljava/util/function/BooleanSupplier;Lorg/spongepowered/asm/mixin/injection/callback/CallbackInfo;)V doesn't use it's CallbackInfo
[15:15:13] [main/DEBUG] (FabricLoader/Mixin) farlands-g1.mixins.json:MinecraftServerTestGenMixin from mod farlands-g1->@Inject::farlands$testgen(Ljava/util/function/BooleanSupplier;Lorg/spongepowered/asm/mixin/injection/callback/CallbackInfo;)V has 0 override(s) in child classes
[15:15:13] [main/DEBUG] (FabricLoader/Mixin) farlands-g1.mixins.json:MinecraftServerTestGenMixin from mod farlands-g1->@Inject::farlands$testgen(Ljava/util/function/BooleanSupplier;Lorg/spongepowered/asm/mixin/injection/callback/CallbackInfo;)V won't be passed a CallbackInfo as a result
[15:15:14] [Worker-Main-21/DEBUG] (FabricLoader/Mixin) Mixing TeleportCommandMixin from farlands-g1.mixins.json into net.minecraft.server.commands.TeleportCommand
[15:15:15] [main/INFO] (net.minecraft.world.item.crafting.RecipeManager) Loaded 1585 recipes
[15:15:15] [main/INFO] (net.minecraft.advancements.AdvancementTree) Loaded 1688 advancements
[15:15:15] [Server thread/INFO] (net.minecraft.server.dedicated.DedicatedServer) Starting minecraft server version 26.2
[15:15:15] [Server thread/INFO] (net.minecraft.server.dedicated.DedicatedServer) Loading properties
[15:15:15] [Server thread/INFO] (net.minecraft.server.dedicated.DedicatedServer) Default game type: SURVIVAL
[15:15:15] [Server thread/INFO] (net.minecraft.server.MinecraftServer) Generating keypair
[15:15:15] [Server thread/INFO] (net.minecraft.server.dedicated.DedicatedServer) Starting Minecraft server on *:25565
[15:15:15] [Server thread/DEBUG] (io.netty.util.internal.PlatformDependent0) Java version: 25
[15:15:15] [Server thread/DEBUG] (io.netty.util.internal.PlatformDependent0) -Dio.netty.noUnsafe: false
[15:15:15] [Server thread/DEBUG] (io.netty.util.internal.PlatformDependent0) sun.misc.Unsafe.theUnsafe: available
[15:15:15] [Server thread/DEBUG] (io.netty.util.internal.PlatformDependent0) sun.misc.Unsafe base methods: all available
[15:15:15] [Server thread/DEBUG] (io.netty.util.internal.PlatformDependent0) java.nio.Buffer.address: available
[15:15:15] [Server thread/DEBUG] (io.netty.util.internal.PlatformDependent0) direct buffer constructor: unavailable: Reflective setAccessible(true) disabled
[15:15:15] [Server thread/DEBUG] (io.netty.util.internal.PlatformDependent0) java.nio.Bits.unaligned: available, true
[15:15:15] [Server thread/DEBUG] (io.netty.util.internal.PlatformDependent0) jdk.internal.misc.Unsafe.allocateUninitializedArray(int): unavailable: symbolic reference class is not accessible: class jdk.internal.misc.Unsafe, from class io.netty.util.internal.PlatformDependent0 (unnamed module @6f4a47c7)
[15:15:15] [Server thread/DEBUG] (io.netty.util.internal.PlatformDependent0) java.nio.DirectByteBuffer.<init>(long, {int,long}): unavailable
[15:15:15] [Server thread/DEBUG] (io.netty.util.internal.PlatformDependent) sun.misc.Unsafe: available
[15:15:15] [Server thread/DEBUG] (io.netty.util.internal.PlatformDependent) -Dio.netty.tmpdir: C:\Users\EASON\AppData\Local\Temp (java.io.tmpdir)
[15:15:15] [Server thread/DEBUG] (io.netty.util.internal.PlatformDependent) -Dio.netty.bitMode: 64 (sun.arch.data.model)
[15:15:15] [Server thread/DEBUG] (io.netty.util.internal.PlatformDependent) Platform: Windows
[15:15:15] [Server thread/DEBUG] (io.netty.util.internal.PlatformDependent) -Dio.netty.maxDirectMemory: 8438939648 bytes
[15:15:15] [Server thread/DEBUG] (io.netty.util.internal.CleanerJava9) java.nio.ByteBuffer.cleaner(): available
[15:15:15] [Server thread/DEBUG] (io.netty.util.internal.PlatformDependent) -Dio.netty.noPreferDirect: false
[15:15:15] [Server thread/DEBUG] (io.netty.util.internal.PlatformDependent) -Dio.netty.ignoreExpensiveClean: false
[15:15:15] [Server thread/DEBUG] (io.netty.util.internal.PlatformDependent) -Dio.netty.jfr.enabled: true
[15:15:15] [Server thread/DEBUG] (io.netty.channel.kqueue.KQueue) KQueue support is not available: null
[15:15:15] [Server thread/DEBUG] (io.netty.channel.epoll.Epoll) Epoll support is not available: null
[15:15:15] [Server thread/DEBUG] (io.netty.channel.MultithreadEventLoopGroup) -Dio.netty.eventLoopThreads: 44
[15:15:15] [Server thread/DEBUG] (io.netty.channel.nio.NioIoHandler) -Dio.netty.noKeySetOptimization: false
[15:15:15] [Server thread/DEBUG] (io.netty.channel.nio.NioIoHandler) -Dio.netty.selectorAutoRebuildThreshold: 512
[15:15:15] [Server thread/DEBUG] (io.netty.util.concurrent.GlobalEventExecutor) -Dio.netty.globalEventExecutor.quietPeriodSeconds: 1
[15:15:15] [Server thread/DEBUG] (io.netty.util.internal.InternalThreadLocalMap) -Dio.netty.threadLocalMap.stringBuilder.initialSize: 1024
[15:15:15] [Server thread/DEBUG] (io.netty.util.internal.InternalThreadLocalMap) -Dio.netty.threadLocalMap.stringBuilder.maxSize: 4096
[15:15:15] [Server thread/DEBUG] (io.netty.util.internal.PlatformDependent) org.jctools-core.MpscChunkedArrayQueue: available
[15:15:15] [Server thread/DEBUG] (io.netty.channel.DefaultChannelId) -Dio.netty.processId: 24484 (auto-detected)
[15:15:15] [Server thread/DEBUG] (io.netty.util.NetUtil) -Djava.net.preferIPv4Stack: false
[15:15:15] [Server thread/DEBUG] (io.netty.util.NetUtil) -Djava.net.preferIPv6Addresses: false
[15:15:15] [Server thread/DEBUG] (io.netty.util.NetUtilInitializations) Loopback interface: loopback_0 (Software Loopback Interface 1, 0:0:0:0:0:0:0:1)
[15:15:15] [Server thread/DEBUG] (io.netty.util.NetUtil) Failed to get SOMAXCONN from sysctl and file \proc\sys\net\core\somaxconn. Default: 200
[15:15:15] [Server thread/DEBUG] (io.netty.channel.DefaultChannelId) -Dio.netty.machineId: 00:00:00:00:00:00:00:e0 (auto-detected)
[15:15:15] [Server thread/DEBUG] (io.netty.buffer.AdaptiveByteBufAllocator) -Dio.netty.allocator.useCachedMagazinesForNonEventLoopThreads: false
[15:15:15] [Server thread/DEBUG] (io.netty.util.Recycler) -Dio.netty.recycler.maxCapacityPerThread: 4096
[15:15:15] [Server thread/DEBUG] (io.netty.util.Recycler) -Dio.netty.recycler.ratio: 8
[15:15:15] [Server thread/DEBUG] (io.netty.util.Recycler) -Dio.netty.recycler.chunkSize: 32
[15:15:15] [Server thread/DEBUG] (io.netty.util.Recycler) -Dio.netty.recycler.blocking: false
[15:15:15] [Server thread/DEBUG] (io.netty.util.Recycler) -Dio.netty.recycler.batchFastThreadLocalOnly: true
[15:15:15] [Server thread/DEBUG] (io.netty.buffer.ByteBufUtil) -Dio.netty.allocator.type: adaptive
[15:15:15] [Server thread/DEBUG] (io.netty.buffer.ByteBufUtil) -Dio.netty.threadLocalDirectBufferSize: 0
[15:15:15] [Server thread/DEBUG] (io.netty.buffer.ByteBufUtil) -Dio.netty.maxThreadLocalCharBufferSize: 16384
[15:15:15] [Server thread/DEBUG] (io.netty.bootstrap.ChannelInitializerExtensions) -Dio.netty.bootstrap.extensions: null
[15:15:15] [Server thread/INFO] (net.minecraft.server.dedicated.DedicatedServer) Preparing level "world"
[15:15:15] [Server thread/DEBUG] (io.netty.util.internal.ThreadLocalRandom) -Dio.netty.initialSeedUniquifier: 0x3445cda2700fb4c2
[15:15:15] [Server thread/DEBUG] (FabricLoader/Mixin) Mixing EntitySectionStorageMixin from farlands-g1.mixins.json into net.minecraft.world.level.entity.EntitySectionStorage
[15:15:15] [Server thread/DEBUG] (FabricLoader/Mixin) farlands-g1.mixins.json:EntitySectionStorageMixin from mod farlands-g1->@Inject::guardForEach(Lnet/minecraft/world/phys/AABB;Lnet/minecraft/util/AbortableIterationConsumer;Lorg/spongepowered/asm/mixin/injection/callback/CallbackInfo;)V does use it's CallbackInfo
[15:15:15] [Server thread/DEBUG] (FabricLoader/Mixin) farlands-g1.mixins.json:EntitySectionStorageMixin from mod farlands-g1->@Inject::guardChunk(JLorg/spongepowered/asm/mixin/injection/callback/CallbackInfoReturnable;)V does use it's CallbackInfoReturnable
[15:15:15] [Server thread/DEBUG] (FabricLoader/Mixin) farlands-g1.mixins.json:EntitySectionStorageMixin from mod farlands-g1->@Inject::guardChunkStream(JLorg/spongepowered/asm/mixin/injection/callback/CallbackInfoReturnable;)V does use it's CallbackInfoReturnable
[15:15:15] [Server thread/DEBUG] (FabricLoader/Mixin) Mixing ChunkMapPlayerCloseMixin from farlands-g1.mixins.json into net.minecraft.server.level.ChunkMap
[15:15:15] [Server thread/DEBUG] (FabricLoader/Mixin) Mixing ChunkMapGenRateLimitMixin from farlands-g1.mixins.json into net.minecraft.server.level.ChunkMap
[15:15:15] [Server thread/DEBUG] (FabricLoader/Mixin) farlands-g1.mixins.json:ChunkMapGenRateLimitMixin from mod farlands-g1->@Inject::farlands$rateLimit(Lorg/spongepowered/asm/mixin/injection/callback/CallbackInfo;)V does use it's CallbackInfo
[15:15:15] [Server thread/DEBUG] (FabricLoader/Mixin) Mixing GenerationChunkHolderMixin from farlands-g1.mixins.json into net.minecraft.server.level.GenerationChunkHolder
[15:15:15] [Server thread/DEBUG] (FabricLoader/Mixin) Mixing ChunkStatusSkipMixin from farlands-g1.mixins.json into net.minecraft.world.level.chunk.status.ChunkStatusTasks
[15:15:15] [Server thread/DEBUG] (FabricLoader/Mixin) farlands-g1.mixins.json:ChunkStatusSkipMixin from mod farlands-g1->@Inject::farlands$features(Lnet/minecraft/world/level/chunk/status/WorldGenContext;Lnet/minecraft/world/level/chunk/status/ChunkStep;Lnet/minecraft/util/StaticCache2D;Lnet/minecraft/world/level/chunk/ChunkAccess;Lorg/spongepowered/asm/mixin/injection/callback/CallbackInfoReturnable;)V does use it's CallbackInfoReturnable
[15:15:15] [Server thread/DEBUG] (FabricLoader/Mixin) farlands-g1.mixins.json:ChunkStatusSkipMixin from mod farlands-g1->@Inject::farlands$light(Lnet/minecraft/world/level/chunk/status/WorldGenContext;Lnet/minecraft/world/level/chunk/status/ChunkStep;Lnet/minecraft/util/StaticCache2D;Lnet/minecraft/world/level/chunk/ChunkAccess;Lorg/spongepowered/asm/mixin/injection/callback/CallbackInfoReturnable;)V does use it's CallbackInfoReturnable
[15:15:15] [Server thread/DEBUG] (FabricLoader/Mixin) farlands-g1.mixins.json:ChunkStatusSkipMixin from mod farlands-g1->@Inject::farlands$initLight(Lnet/minecraft/world/level/chunk/status/WorldGenContext;Lnet/minecraft/world/level/chunk/status/ChunkStep;Lnet/minecraft/util/StaticCache2D;Lnet/minecraft/world/level/chunk/ChunkAccess;Lorg/spongepowered/asm/mixin/injection/callback/CallbackInfoReturnable;)V does use it's CallbackInfoReturnable
[15:15:15] [Server thread/DEBUG] (FabricLoader/Mixin) farlands-g1.mixins.json:ChunkStatusSkipMixin from mod farlands-g1->@Inject::farlands$spawn(Lnet/minecraft/world/level/chunk/status/WorldGenContext;Lnet/minecraft/world/level/chunk/status/ChunkStep;Lnet/minecraft/util/StaticCache2D;Lnet/minecraft/world/level/chunk/ChunkAccess;Lorg/spongepowered/asm/mixin/injection/callback/CallbackInfoReturnable;)V does use it's CallbackInfoReturnable
[15:15:16] [Server thread/DEBUG] (FabricLoader/Mixin) Mixing LayerLightSectionStorageMixin from farlands-g1.mixins.json into net.minecraft.world.level.lighting.LayerLightSectionStorage
[15:15:16] [Server thread/DEBUG] (FabricLoader/Mixin) farlands-g1.mixins.json:LayerLightSectionStorageMixin from mod farlands-g1->@Inject::farlands$guardGet(JLorg/spongepowered/asm/mixin/injection/callback/CallbackInfoReturnable;)V does use it's CallbackInfoReturnable
[15:15:16] [Server thread/DEBUG] (FabricLoader/Mixin) farlands-g1.mixins.json:LayerLightSectionStorageMixin from mod farlands-g1->@Inject::farlands$guardSet(JILorg/spongepowered/asm/mixin/injection/callback/CallbackInfo;)V does use it's CallbackInfo
[15:15:16] [Server thread/DEBUG] (FabricLoader/Mixin) farlands-g1.mixins.json:LayerLightSectionStorageMixin from mod farlands-g1->@Inject::farlands$guardUpdate(JZLorg/spongepowered/asm/mixin/injection/callback/CallbackInfo;)V does use it's CallbackInfo
[15:15:16] [Server thread/DEBUG] (FabricLoader/Mixin) Mixing WorldBorderMixin from farlands-g1.mixins.json into net.minecraft.world.level.border.WorldBorder
[15:15:16] [Server thread/DEBUG] (FabricLoader/Mixin) Mixing WorldBorderExtentMixin from farlands-g1.mixins.json into net.minecraft.world.level.border.WorldBorder$StaticBorderExtent
[15:15:16] [Server thread/INFO] (net.minecraft.server.level.progress.LoggingLevelLoadListener) Loading 0 persistent chunks...
[15:15:16] [Server thread/INFO] (net.minecraft.server.level.progress.LoggingLevelLoadListener) Preparing spawn area: 100%
[15:15:16] [Server thread/INFO] (net.minecraft.server.level.progress.LoggingLevelLoadListener) Time elapsed: 27 ms
[15:15:16] [Server thread/INFO] (net.minecraft.server.dedicated.DedicatedServer) Done (0.554s)! For help, type "help"
[15:15:16] [Server thread/INFO] (net.minecraft.server.MinecraftServer) Saving chunks for level 'ServerLevel[world]'/minecraft:overworld
[15:15:16] [Server thread/INFO] (net.minecraft.server.MinecraftServer) Saving chunks for level 'ServerLevel[world]'/minecraft:the_nether
[15:15:16] [Server thread/INFO] (net.minecraft.server.MinecraftServer) Saving chunks for level 'ServerLevel[world]'/minecraft:the_end
[15:15:16] [Server thread/INFO] (net.minecraft.server.MinecraftServer) ThreadedAnvilChunkStorage (world): All chunks are saved
[15:15:16] [Server thread/INFO] (net.minecraft.server.MinecraftServer) ThreadedAnvilChunkStorage (DIM-1): All chunks are saved
[15:15:16] [Server thread/INFO] (net.minecraft.server.MinecraftServer) ThreadedAnvilChunkStorage (DIM1): All chunks are saved
[15:15:16] [Server thread/INFO] (net.minecraft.server.MinecraftServer) ThreadedAnvilChunkStorage: All dimensions are saved
[15:15:17] [Server thread/INFO] (net.minecraft.server.LoggedPrintStream) [STDOUT]: [FarLands-Test] gen OK chunk=(134217750,3) topY=-65 sections=9 b(8,60,8)=Block{minecraft:stone} b(8,64,8)=Block{minecraft:stone} b(8,100,8)=Block{minecraft:air} biome=ResourceKey[minecraft:worldgen/biome / minecraft:savanna]
