[15:30:32] [main/INFO] (FabricLoader/GameProvider) Loading Minecraft 26.2 with Fabric Loader 0.19.3
[15:30:32] [main/INFO] (FabricLoader) Loading 5 mods:
	- fabricloader 0.19.3
	- farlands-g1 1.0-SNAPSHOT
	- java 25
	- minecraft 26.2
	- mixinextras 0.5.4
[15:30:32] [main/INFO] (FabricLoader/Mixin) SpongePowered MIXIN Subsystem Version=0.8.7 Source=file:/C:/Users/EASON/.gradle/caches/modules-2/files-2.1/net.fabricmc/sponge-mixin/0.17.3+mixin.0.8.7/41c4a3984a80f4679e759fb9f495587acc5cdac7/sponge-mixin-0.17.3+mixin.0.8.7.jar Service=Knot/Fabric Env=SERVER
[15:30:32] [main/INFO] (FabricLoader/Mixin) Loaded Fabric development mappings for mixin remapper!
[15:30:32] [main/INFO] (FabricLoader/Mixin) Compatibility level set to JAVA_21
[15:30:33] [main/WARN] (FabricLoader/Mixin) Error loading class: com/mojang/blaze3d/vertex/BufferBuilder (java.lang.RuntimeException: Cannot load class com.mojang.blaze3d.vertex.BufferBuilder in environment type SERVER)
[15:30:33] [main/WARN] (FabricLoader/Mixin) @Mixin target com.mojang.blaze3d.vertex.BufferBuilder was not found farlands-g1.mixins.json:BufferBuilderGrowMixin from mod farlands-g1
[15:30:33] [main/INFO] (FabricLoader/MixinExtras|Service) Initializing MixinExtras via com.llamalad7.mixinextras.service.MixinExtrasServiceImpl(version=0.5.4).
[15:30:41] [main/INFO] (Minecraft) [STDOUT]: [FarLands-G1] v3.0 epoch build (E line)
[15:30:41] [main/INFO] (Minecraft) Environment: Environment[sessionHost=https://sessionserver.mojang.com, servicesHost=https://api.minecraftservices.com, profilesHost=https://api.mojang.com, name=PROD]
[15:30:43] [Worker-Main-14/INFO] (Minecraft) No existing world data, creating new world
[15:30:44] [main/INFO] (Minecraft) Loaded 1585 recipes
[15:30:44] [main/INFO] (Minecraft) Loaded 1688 advancements
[15:30:44] [Server thread/INFO] (Minecraft) Starting minecraft server version 26.2
[15:30:44] [Server thread/INFO] (Minecraft) Loading properties
[15:30:44] [Server thread/INFO] (Minecraft) Default game type: SURVIVAL
[15:30:44] [Server thread/INFO] (Minecraft) Generating keypair
[15:30:44] [Server thread/INFO] (Minecraft) Starting Minecraft server on *:25565
[15:30:45] [Server thread/INFO] (Minecraft) Preparing level "world"
[15:30:45] [Server thread/INFO] (Minecraft) Selecting global world spawn...
[15:30:47] [Worker-Main-10/INFO] (Minecraft) [STDOUT]: [FarLands-Surface] chunk=(5,-2) minBlockX=80 surfWG(0,0)=126 prelimSurface=120
[15:30:47] [Worker-Main-10/INFO] (Minecraft) [STDOUT]: [FarLands-Surface] chunk=(5,-1) minBlockX=80 surfWG(0,0)=62 prelimSurface=32
[15:30:47] [Worker-Main-10/INFO] (Minecraft) [STDOUT]: [FarLands-Surface] chunk=(5,0) minBlockX=80 surfWG(0,0)=62 prelimSurface=32
[15:30:47] [Worker-Main-10/INFO] (Minecraft) [STDOUT]: [FarLands-Surface] chunk=(6,-2) minBlockX=96 surfWG(0,0)=135 prelimSurface=120
[15:30:47] [Worker-Main-10/INFO] (Minecraft) [STDOUT]: [FarLands-Surface] chunk=(6,-1) minBlockX=96 surfWG(0,0)=127 prelimSurface=120
[15:30:47] [Worker-Main-10/INFO] (Minecraft) [STDOUT]: [FarLands-Surface] chunk=(6,0) minBlockX=96 surfWG(0,0)=62 prelimSurface=32
[15:30:47] [Worker-Main-10/INFO] (Minecraft) [STDOUT]: [FarLands-Surface] chunk=(7,-2) minBlockX=112 surfWG(0,0)=135 prelimSurface=128
[15:30:47] [Worker-Main-10/INFO] (Minecraft) [STDOUT]: [FarLands-Surface] chunk=(7,-1) minBlockX=112 surfWG(0,0)=134 prelimSurface=128
[15:30:47] [Worker-Main-10/INFO] (Minecraft) [STDOUT]: [FarLands-Surface] chunk=(7,0) minBlockX=112 surfWG(0,0)=126 prelimSurface=120
[15:30:48] [Worker-Main-7/INFO] (Minecraft) [STDOUT]: [FarLands-Surface] chunk=(4,-4) minBlockX=64 surfWG(0,0)=118 prelimSurface=112
[15:30:48] [Worker-Main-7/INFO] (Minecraft) [STDOUT]: [FarLands-Surface] chunk=(4,-3) minBlockX=64 surfWG(0,0)=62 prelimSurface=32
[15:30:48] [Worker-Main-7/INFO] (Minecraft) [STDOUT]: [FarLands-Surface] chunk=(4,-2) minBlockX=64 surfWG(0,0)=62 prelimSurface=32
[15:30:48] [Worker-Main-7/INFO] (Minecraft) [STDOUT]: [FarLands-Surface] chunk=(4,-1) minBlockX=64 surfWG(0,0)=62 prelimSurface=32
[15:30:48] [Worker-Main-7/INFO] (Minecraft) [STDOUT]: [FarLands-Surface] chunk=(4,0) minBlockX=64 surfWG(0,0)=62 prelimSurface=32
[15:30:48] [Worker-Main-7/INFO] (Minecraft) [STDOUT]: [FarLands-Surface] chunk=(5,-4) minBlockX=80 surfWG(0,0)=124 prelimSurface=112
[15:30:48] [Worker-Main-7/INFO] (Minecraft) [STDOUT]: [FarLands-Surface] chunk=(5,-3) minBlockX=80 surfWG(0,0)=127 prelimSurface=120
[15:30:48] [Worker-Main-7/INFO] (Minecraft) [STDOUT]: [FarLands-Surface] chunk=(6,-4) minBlockX=96 surfWG(0,0)=128 prelimSurface=120
[15:30:48] [Worker-Main-7/INFO] (Minecraft) [STDOUT]: [FarLands-Surface] chunk=(6,-3) minBlockX=96 surfWG(0,0)=133 prelimSurface=120
[15:30:48] [Worker-Main-7/INFO] (Minecraft) [STDOUT]: [FarLands-Surface] chunk=(7,-4) minBlockX=112 surfWG(0,0)=135 prelimSurface=128
[15:30:48] [Worker-Main-7/INFO] (Minecraft) [STDOUT]: [FarLands-Surface] chunk=(7,-3) minBlockX=112 surfWG(0,0)=135 prelimSurface=128
[15:30:48] [Worker-Main-7/INFO] (Minecraft) [STDOUT]: [FarLands-Surface] chunk=(8,-4) minBlockX=128 surfWG(0,0)=143 prelimSurface=128
[15:30:48] [Worker-Main-7/INFO] (Minecraft) [STDOUT]: [FarLands-Surface] chunk=(8,-3) minBlockX=128 surfWG(0,0)=142 prelimSurface=136
[15:30:48] [Worker-Main-7/INFO] (Minecraft) [STDOUT]: [FarLands-Surface] chunk=(8,-2) minBlockX=128 surfWG(0,0)=142 prelimSurface=128
[15:30:48] [Worker-Main-7/INFO] (Minecraft) [STDOUT]: [FarLands-Surface] chunk=(8,-1) minBlockX=128 surfWG(0,0)=140 prelimSurface=128
[15:30:48] [Worker-Main-7/INFO] (Minecraft) [STDOUT]: [FarLands-Surface] chunk=(8,0) minBlockX=128 surfWG(0,0)=134 prelimSurface=128
[15:30:48] [Server thread/INFO] (Minecraft) Loading 0 persistent chunks...
[15:30:48] [Server thread/INFO] (Minecraft) Preparing spawn area: 100%
[15:30:49] [Server thread/INFO] (Minecraft) Time elapsed: 3543 ms
[15:30:49] [Server thread/INFO] (Minecraft) Done (3.961s)! For help, type "help"
[15:30:49] [Server thread/INFO] (Minecraft) Saving chunks for level 'ServerLevel[world]'/minecraft:overworld
[15:30:49] [Server thread/INFO] (Minecraft) Saving chunks for level 'ServerLevel[world]'/minecraft:the_end
[15:30:49] [Server thread/INFO] (Minecraft) Saving chunks for level 'ServerLevel[world]'/minecraft:the_nether
[15:30:49] [Server thread/INFO] (Minecraft) ThreadedAnvilChunkStorage (world): All chunks are saved
[15:30:49] [Server thread/INFO] (Minecraft) ThreadedAnvilChunkStorage (DIM1): All chunks are saved
[15:30:49] [Server thread/INFO] (Minecraft) ThreadedAnvilChunkStorage (DIM-1): All chunks are saved
[15:30:49] [Server thread/INFO] (Minecraft) ThreadedAnvilChunkStorage: All dimensions are saved
[15:30:49] [Worker-Main-2/INFO] (Minecraft) [STDOUT]: [FarLands-Surface] chunk=(0,-1) minBlockX=0 surfWG(0,0)=62 prelimSurface=32
[15:30:49] [Worker-Main-2/INFO] (Minecraft) [STDOUT]: [FarLands-Surface] chunk=(0,0) minBlockX=0 surfWG(0,0)=62 prelimSurface=32
[15:30:49] [Worker-Main-2/INFO] (Minecraft) [STDOUT]: [FarLands-Surface] chunk=(0,1) minBlockX=0 surfWG(0,0)=62 prelimSurface=32
[15:30:49] [Worker-Main-2/INFO] (Minecraft) [STDOUT]: [FarLands-Surface] chunk=(1,-1) minBlockX=16 surfWG(0,0)=62 prelimSurface=32
[15:30:49] [Worker-Main-2/INFO] (Minecraft) [STDOUT]: [FarLands-Surface] chunk=(1,0) minBlockX=16 surfWG(0,0)=62 prelimSurface=32
[15:30:49] [Worker-Main-2/INFO] (Minecraft) [STDOUT]: [FarLands-Surface] chunk=(1,1) minBlockX=16 surfWG(0,0)=62 prelimSurface=32
[15:30:49] [Worker-Main-2/INFO] (Minecraft) [STDOUT]: [FarLands-Surface] chunk=(2,-1) minBlockX=32 surfWG(0,0)=62 prelimSurface=32
[15:30:49] [Worker-Main-2/INFO] (Minecraft) [STDOUT]: [FarLands-Surface] chunk=(2,0) minBlockX=32 surfWG(0,0)=62 prelimSurface=32
[15:30:49] [Worker-Main-2/INFO] (Minecraft) [STDOUT]: [FarLands-Surface] chunk=(2,1) minBlockX=32 surfWG(0,0)=62 prelimSurface=32
[15:30:50] [Worker-Main-2/INFO] (Minecraft) [STDOUT]: [FarLands-Surface] chunk=(-2,-2) minBlockX=-32 surfWG(0,0)=62 prelimSurface=32
[15:30:50] [Worker-Main-2/INFO] (Minecraft) [STDOUT]: [FarLands-Surface] chunk=(-2,-1) minBlockX=-32 surfWG(0,0)=62 prelimSurface=32
[15:30:50] [Worker-Main-2/INFO] (Minecraft) [STDOUT]: [FarLands-Surface] chunk=(-2,0) minBlockX=-32 surfWG(0,0)=62 prelimSurface=32
[15:30:50] [Worker-Main-2/INFO] (Minecraft) [STDOUT]: [FarLands-Surface] chunk=(-2,1) minBlockX=-32 surfWG(0,0)=62 prelimSurface=32
[15:30:50] [Worker-Main-2/INFO] (Minecraft) [STDOUT]: [FarLands-Surface] chunk=(-2,2) minBlockX=-32 surfWG(0,0)=62 prelimSurface=32
[15:30:50] [Worker-Main-2/INFO] (Minecraft) [STDOUT]: [FarLands-Surface] chunk=(-1,-2) minBlockX=-16 surfWG(0,0)=62 prelimSurface=32
[15:30:50] [Worker-Main-2/INFO] (Minecraft) [STDOUT]: [FarLands-Surface] chunk=(-1,-1) minBlockX=-16 surfWG(0,0)=62 prelimSurface=32
[15:30:50] [Worker-Main-2/INFO] (Minecraft) [STDOUT]: [FarLands-Surface] chunk=(-1,0) minBlockX=-16 surfWG(0,0)=62 prelimSurface=32
[15:30:50] [Worker-Main-2/INFO] (Minecraft) [STDOUT]: [FarLands-Surface] chunk=(-1,1) minBlockX=-16 surfWG(0,0)=62 prelimSurface=32
[15:30:50] [Worker-Main-2/INFO] (Minecraft) [STDOUT]: [FarLands-Surface] chunk=(-1,2) minBlockX=-16 surfWG(0,0)=62 prelimSurface=32
[15:30:50] [Worker-Main-2/INFO] (Minecraft) [STDOUT]: [FarLands-Surface] chunk=(0,-2) minBlockX=0 surfWG(0,0)=62 prelimSurface=32
[15:30:50] [Worker-Main-2/INFO] (Minecraft) [STDOUT]: [FarLands-Surface] chunk=(0,2) minBlockX=0 surfWG(0,0)=62 prelimSurface=32
[15:30:50] [Worker-Main-2/INFO] (Minecraft) [STDOUT]: [FarLands-Surface] chunk=(1,-2) minBlockX=16 surfWG(0,0)=62 prelimSurface=32
[15:30:50] [Worker-Main-2/INFO] (Minecraft) [STDOUT]: [FarLands-Surface] chunk=(1,2) minBlockX=16 surfWG(0,0)=62 prelimSurface=32
[15:30:50] [Worker-Main-2/INFO] (Minecraft) [STDOUT]: [FarLands-Surface] chunk=(2,-2) minBlockX=32 surfWG(0,0)=62 prelimSurface=32
[15:30:50] [Worker-Main-2/INFO] (Minecraft) [STDOUT]: [FarLands-Surface] chunk=(2,2) minBlockX=32 surfWG(0,0)=62 prelimSurface=32
[15:30:50] [Server thread/INFO] (Minecraft) [STDOUT]: [FarLands-Test] gen OK chunk=(0,0) topY=62 sections=8 surfWG=62 floorWG=49 b(8,60,8)=Block{minecraft:water}[level=0] b(8,64,8)=Block{minecraft:air} b(8,100,8)=Block{minecraft:air} biome=ResourceKey[minecraft:worldgen/biome / minecraft:ocean]
[15:30:51] [FarLands-Watchdog/INFO] (Minecraft) [STDOUT]: [Watchdog] heap used=214MB max=8048MB
